Archive member included to satisfy reference by file (symbol)

D:/Applications/STM32CubeIDE_1.15.1/STM32CubeIDE/plugins/com.st.stm32cube.ide.mcu.externaltools.gnu-tools-for-stm32.12.3.rel1.win32_1.0.100.202403111256/tools/bin/../lib/gcc/arm-none-eabi/12.3.1/../../../../arm-none-eabi/lib/thumb/v7e-m+dp/hard\libc_nano.a(libc_a-exit.o)
                              D:/Applications/STM32CubeIDE_1.15.1/STM32CubeIDE/plugins/com.st.stm32cube.ide.mcu.externaltools.gnu-tools-for-stm32.12.3.rel1.win32_1.0.100.202403111256/tools/bin/../lib/gcc/arm-none-eabi/12.3.1/../../../../arm-none-eabi/lib/thumb/v7e-m+dp/hard/crt0.o (exit)
D:/Applications/STM32CubeIDE_1.15.1/STM32CubeIDE/plugins/com.st.stm32cube.ide.mcu.externaltools.gnu-tools-for-stm32.12.3.rel1.win32_1.0.100.202403111256/tools/bin/../lib/gcc/arm-none-eabi/12.3.1/../../../../arm-none-eabi/lib/thumb/v7e-m+dp/hard\libc_nano.a(libc_a-findfp.o)
                              D:/Applications/STM32CubeIDE_1.15.1/STM32CubeIDE/plugins/com.st.stm32cube.ide.mcu.externaltools.gnu-tools-for-stm32.12.3.rel1.win32_1.0.100.202403111256/tools/bin/../lib/gcc/arm-none-eabi/12.3.1/../../../../arm-none-eabi/lib/thumb/v7e-m+dp/hard\libc_nano.a(libc_a-exit.o) (__stdio_exit_handler)
D:/Applications/STM32CubeIDE_1.15.1/STM32CubeIDE/plugins/com.st.stm32cube.ide.mcu.externaltools.gnu-tools-for-stm32.12.3.rel1.win32_1.0.100.202403111256/tools/bin/../lib/gcc/arm-none-eabi/12.3.1/../../../../arm-none-eabi/lib/thumb/v7e-m+dp/hard\libc_nano.a(libc_a-fwalk.o)
                              D:/Applications/STM32CubeIDE_1.15.1/STM32CubeIDE/plugins/com.st.stm32cube.ide.mcu.externaltools.gnu-tools-for-stm32.12.3.rel1.win32_1.0.100.202403111256/tools/bin/../lib/gcc/arm-none-eabi/12.3.1/../../../../arm-none-eabi/lib/thumb/v7e-m+dp/hard\libc_nano.a(libc_a-findfp.o) (_fwalk_sglue)
D:/Applications/STM32CubeIDE_1.15.1/STM32CubeIDE/plugins/com.st.stm32cube.ide.mcu.externaltools.gnu-tools-for-stm32.12.3.rel1.win32_1.0.100.202403111256/tools/bin/../lib/gcc/arm-none-eabi/12.3.1/../../../../arm-none-eabi/lib/thumb/v7e-m+dp/hard\libc_nano.a(libc_a-stdio.o)
                              D:/Applications/STM32CubeIDE_1.15.1/STM32CubeIDE/plugins/com.st.stm32cube.ide.mcu.externaltools.gnu-tools-for-stm32.12.3.rel1.win32_1.0.100.202403111256/tools/bin/../lib/gcc/arm-none-eabi/12.3.1/../../../../arm-none-eabi/lib/thumb/v7e-m+dp/hard\libc_nano.a(libc_a-findfp.o) (__sread)
D:/Applications/STM32CubeIDE_1.15.1/STM32CubeIDE/plugins/com.st.stm32cube.ide.mcu.externaltools.gnu-tools-for-stm32.12.3.rel1.win32_1.0.100.202403111256/tools/bin/../lib/gcc/arm-none-eabi/12.3.1/../../../../arm-none-eabi/lib/thumb/v7e-m+dp/hard\libc_nano.a(libc_a-memset.o)
                              D:/Applications/STM32CubeIDE_1.15.1/STM32CubeIDE/plugins/com.st.stm32cube.ide.mcu.externaltools.gnu-tools-for-stm32.12.3.rel1.win32_1.0.100.202403111256/tools/bin/../lib/gcc/arm-none-eabi/12.3.1/../../../../arm-none-eabi/lib/thumb/v7e-m+dp/hard/crt0.o (memset)
D:/Applications/STM32CubeIDE_1.15.1/STM32CubeIDE/plugins/com.st.stm32cube.ide.mcu.externaltools.gnu-tools-for-stm32.12.3.rel1.win32_1.0.100.202403111256/tools/bin/../lib/gcc/arm-none-eabi/12.3.1/../../../../arm-none-eabi/lib/thumb/v7e-m+dp/hard\libc_nano.a(libc_a-closer.o)
                              D:/Applications/STM32CubeIDE_1.15.1/STM32CubeIDE/plugins/com.st.stm32cube.ide.mcu.externaltools.gnu-tools-for-stm32.12.3.rel1.win32_1.0.100.202403111256/tools/bin/../lib/gcc/arm-none-eabi/12.3.1/../../../../arm-none-eabi/lib/thumb/v7e-m+dp/hard\libc_nano.a(libc_a-stdio.o) (_close_r)
D:/Applications/STM32CubeIDE_1.15.1/STM32CubeIDE/plugins/com.st.stm32cube.ide.mcu.externaltools.gnu-tools-for-stm32.12.3.rel1.win32_1.0.100.202403111256/tools/bin/../lib/gcc/arm-none-eabi/12.3.1/../../../../arm-none-eabi/lib/thumb/v7e-m+dp/hard\libc_nano.a(libc_a-reent.o)
                              D:/Applications/STM32CubeIDE_1.15.1/STM32CubeIDE/plugins/com.st.stm32cube.ide.mcu.externaltools.gnu-tools-for-stm32.12.3.rel1.win32_1.0.100.202403111256/tools/bin/../lib/gcc/arm-none-eabi/12.3.1/../../../../arm-none-eabi/lib/thumb/v7e-m+dp/hard\libc_nano.a(libc_a-closer.o) (errno)
D:/Applications/STM32CubeIDE_1.15.1/STM32CubeIDE/plugins/com.st.stm32cube.ide.mcu.externaltools.gnu-tools-for-stm32.12.3.rel1.win32_1.0.100.202403111256/tools/bin/../lib/gcc/arm-none-eabi/12.3.1/../../../../arm-none-eabi/lib/thumb/v7e-m+dp/hard\libc_nano.a(libc_a-impure.o)
                              D:/Applications/STM32CubeIDE_1.15.1/STM32CubeIDE/plugins/com.st.stm32cube.ide.mcu.externaltools.gnu-tools-for-stm32.12.3.rel1.win32_1.0.100.202403111256/tools/bin/../lib/gcc/arm-none-eabi/12.3.1/../../../../arm-none-eabi/lib/thumb/v7e-m+dp/hard\libc_nano.a(libc_a-reent.o) (_impure_ptr)
[...]
Memory Configuration

Name             Origin             Length             Attributes
ITCMRAM          0x00000000         0x00010000         xrw
DTCMRAM          0x20000000         0x00020000         xrw
FLASH            0x08000000         0x00100000         xr
RAM_D1           0x24000000         0x00050000         xrw
RAM_D2           0x30000000         0x00008000         xrw
RAM_D3           0x38000000         0x00004000         xrw
*default*        0x00000000         0xffffffff

Linker script and memory map

LOAD D:/Applications/STM32CubeIDE_1.15.1/STM32CubeIDE/plugins/com.st.stm32cube.ide.mcu.externaltools.gnu-tools-for-stm32.12.3.rel1.win32_1.0.100.202403111256/tools/bin/../lib/gcc/arm-none-eabi/12.3.1/thumb/v7e-m+dp/hard/crti.o
LOAD D:/Applications/STM32CubeIDE_1.15.1/STM32CubeIDE/plugins/com.st.stm32cube.ide.mcu.externaltools.gnu-tools-for-stm32.12.3.rel1.win32_1.0.100.202403111256/tools/bin/../lib/gcc/arm-none-eabi/12.3.1/thumb/v7e-m+dp/hard/crtbegin.o
LOAD D:/Applications/STM32CubeIDE_1.15.1/STM32CubeIDE/plugins/com.st.stm32cube.ide.mcu.externaltools.gnu-tools-for-stm32.12.3.rel1.win32_1.0.100.202403111256/tools/bin/../lib/gcc/arm-none-eabi/12.3.1/../../../../arm-none-eabi/lib/thumb/v7e-m+dp/hard/crt0.o
LOAD ./Core/Src/dma.o
LOAD ./Core/Src/fdcan.o
LOAD ./Core/Src/gpio.o
LOAD ./Core/Src/main.o
LOAD ./Core/Src/stm32h7xx_hal_msp.o
LOAD ./Core/Src/stm32h7xx_it.o
LOAD ./Core/Src/syscalls.o
LOAD ./Core/Src/sysmem.o
LOAD ./Core/Src/system_stm32h7xx.o
LOAD ./Core/Src/usart.o
LOAD ./Core/Startup/startup_stm32h723vgtx.o
LOAD ./Drivers/STM32H7xx_HAL_Driver/Src/stm32h7xx_hal.o
LOAD ./Drivers/STM32H7xx_HAL_Driver/Src/stm32h7xx_hal_cortex.o
LOAD ./Drivers/STM32H7xx_HAL_Driver/Src/stm32h7xx_hal_dma.o
LOAD ./Drivers/STM32H7xx_HAL_Driver/Src/stm32h7xx_hal_dma_ex.o
LOAD ./Drivers/STM32H7xx_HAL_Driver/Src/stm32h7xx_hal_exti.o
LOAD ./Drivers/STM32H7xx_HAL_Driver/Src/stm32h7xx_hal_fdcan.o
LOAD ./Drivers/STM32H7xx_HAL_Driver/Src/stm32h7xx_hal_flash.o
LOAD ./Drivers/STM32H7xx_HAL_Driver/Src/stm32h7xx_hal_flash_ex.o
LOAD ./Drivers/STM32H7xx_HAL_Driver/Src/stm32h7xx_hal_gpio.o
LOAD ./Drivers/STM32H7xx_HAL_Driver/Src/stm32h7xx_hal_hsem.o
LOAD ./Drivers/STM32H7xx_HAL_Driver/Src/stm32h7xx_hal_i2c.o
LOAD ./Drivers/STM32H7xx_HAL_Driver/Src/stm32h7xx_hal_i2c_ex.o
LOAD ./Drivers/STM32H7xx_HAL_Driver/Src/stm32h7xx_hal_mdma.o
LOAD ./Drivers/STM32H7xx_HAL_Driver/Src/stm32h7xx_hal_pwr.o
LOAD ./Drivers/STM32H7xx_HAL_Driver/Src/stm32h7xx_hal_pwr_ex.o
LOAD ./Drivers/STM32H7xx_HAL_Driver/Src/stm32h7xx_hal_rcc.o
LOAD ./Drivers/STM32H7xx_HAL_Driver/Src/stm32h7xx_hal_rcc_ex.o
LOAD ./Drivers/STM32H7xx_HAL_Driver/Src/stm32h7xx_hal_tim.o
LOAD ./Drivers/STM32H7xx_HAL_Driver/Src/stm32h7xx_hal_tim_ex.o
LOAD ./Drivers/STM32H7xx_HAL_Driver/Src/stm32h7xx_hal_uart.o
LOAD ./Drivers/STM32H7xx_HAL_Driver/Src/stm32h7xx_hal_uart_ex.o
START GROUP
LOAD D:/Applications/STM32CubeIDE_1.15.1/STM32CubeIDE/plugins/com.st.stm32cube.ide.mcu.externaltools.gnu-tools-for-stm32.12.3.rel1.win32_1.0.100.202403111256/tools/bin/../lib/gcc/arm-none-eabi/12.3.1/../../../../arm-none-eabi/lib/thumb/v7e-m+dp/hard\libc_nano.a
LOAD D:/Applications/STM32CubeIDE_1.15.1/STM32CubeIDE/plugins/com.st.stm32cube.ide.mcu.externaltools.gnu-tools-for-stm32.12.3.rel1.win32_1.0.100.202403111256/tools/bin/../lib/gcc/arm-none-eabi/12.3.1/../../../../arm-none-eabi/lib/thumb/v7e-m+dp/hard\libm.a
END GROUP
START GROUP
LOAD D:/Applications/STM32CubeIDE_1.15.1/STM32CubeIDE/plugins/com.st.stm32cube.ide.mcu.externaltools.gnu-tools-for-stm32.12.3.rel1.win32_1.0.100.202403111256/tools/bin/../lib/gcc/arm-none-eabi/12.3.1/thumb/v7e-m+dp/hard\libgcc.a
LOAD D:/Applications/STM32CubeIDE_1.15.1/STM32CubeIDE/plugins/com.st.stm32cube.ide.mcu.externaltools.gnu-tools-for-stm32.12.3.rel1.win32_1.0.100.202403111256/tools/bin/../lib/gcc/arm-none-eabi/12.3.1/../../../../arm-none-eabi/lib/thumb/v7e-m+dp/hard\libc_nano.a
END GROUP
START GROUP
LOAD D:/Applications/STM32CubeIDE_1.15.1/STM32CubeIDE/plugins/com.st.stm32cube.ide.mcu.externaltools.gnu-tools-for-stm32.12.3.rel1.win32_1.0.100.202403111256/tools/bin/../lib/gcc/arm-none-eabi/12.3.1/thumb/v7e-m+dp/hard\libgcc.a
LOAD D:/Applications/STM32CubeIDE_1.15.1/STM32CubeIDE/plugins/com.st.stm32cube.ide.mcu.externaltools.gnu-tools-for-stm32.12.3.rel1.win32_1.0.100.202403111256/tools/bin/../lib/gcc/arm-none-eabi/12.3.1/../../../../arm-none-eabi/lib/thumb/v7e-m+dp/hard\libc_nano.a
LOAD D:/Applications/STM32CubeIDE_1.15.1/STM32CubeIDE/plugins/com.st.stm32cube.ide.mcu.externaltools.gnu-tools-for-stm32.12.3.rel1.win32_1.0.100.202403111256/tools/bin/../lib/gcc/arm-none-eabi/12.3.1/../../../../arm-none-eabi/lib/thumb/v7e-m+dp/hard\libnosys.a
END GROUP
START GROUP
LOAD D:/Applications/STM32CubeIDE_1.15.1/STM32CubeIDE/plugins/com.st.stm32cube.ide.mcu.externaltools.gnu-tools-for-stm32.12.3.rel1.win32_1.0.100.202403111256/tools/bin/../lib/gcc/arm-none-eabi/12.3.1/thumb/v7e-m+dp/hard\libgcc.a
LOAD D:/Applications/STM32CubeIDE_1.15.1/STM32CubeIDE/plugins/com.st.stm32cube.ide.mcu.externaltools.gnu-tools-for-stm32.12.3.rel1.win32_1.0.100.202403111256/tools/bin/../lib/gcc/arm-none-eabi/12.3.1/../../../../arm-none-eabi/lib/thumb/v7e-m+dp/hard\libc_nano.a
LOAD D:/Applications/STM32CubeIDE_1.15.1/STM32CubeIDE/plugins/com.st.stm32cube.ide.mcu.externaltools.gnu-tools-for-stm32.12.3.rel1.win32_1.0.100.202403111256/tools/bin/../lib/gcc/arm-none-eabi/12.3.1/../../../../arm-none-eabi/lib/thumb/v7e-m+dp/hard\libnosys.a
END GROUP
LOAD D:/Applications/STM32CubeIDE_1.15.1/STM32CubeIDE/plugins/com.st.stm32cube.ide.mcu.externaltools.gnu-tools-for-stm32.12.3.rel1.win32_1.0.100.202403111256/tools/bin/../lib/gcc/arm-none-eabi/12.3.1/thumb/v7e-m+dp/hard/crtend.o
LOAD D:/Applications/STM32CubeIDE_1.15.1/STM32CubeIDE/plugins/com.st.stm32cube.ide.mcu.externaltools.gnu-tools-for-stm32.12.3.rel1.win32_1.0.100.202403111256/tools/bin/../lib/gcc/arm-none-eabi/12.3.1/thumb/v7e-m+dp/hard/crtn.o
                0x24050000                        _estack = (ORIGIN (RAM_D1) + LENGTH (RAM_D1))
                0x00000200                        _Min_Heap_Size = 0x200
                0x00000400                        _Min_Stack_Size = 0x400

.isr_vector     0x08000000      0x2cc
                0x08000000                        . = ALIGN (0x4)
 *(.isr_vector)
 .isr_vector    0x08000000      0x2cc ./Core/Startup/startup_stm32h723vgtx.o
                0x08000000                g_pfnVectors
                0x080002cc                        . = ALIGN (0x4)

.text           0x080002cc     0x8bc0
                0x080002cc                        . = ALIGN (0x4)
 *(.text)
 .text          0x080002cc       0x40 D:/Applications/STM32CubeIDE_1.15.1/STM32CubeIDE/plugins/com.st.stm32cube.ide.mcu.externaltools.gnu-tools-for-stm32.12.3.rel1.win32_1.0.100.202403111256/tools/bin/../lib/gcc/arm-none-eabi/12.3.1/thumb/v7e-m+dp/hard/crtbegin.o
 .text          0x0800030c       0x30 D:/Applications/STM32CubeIDE_1.15.1/STM32CubeIDE/plugins/com.st.stm32cube.ide.mcu.externaltools.gnu-tools-for-stm32.12.3.rel1.win32_1.0.100.202403111256/tools/bin/../lib/gcc/arm-none-eabi/12.3.1/thumb/v7e-m+dp/hard\libgcc.a(_aeabi_uldivmod.o)
                0x0800030c                __aeabi_uldivmod
 .text          0x0800033c      0x2bc D:/Applications/STM32CubeIDE_1.15.1/STM32CubeIDE/plugins/com.st.stm32cube.ide.mcu.externaltools.gnu-tools-for-stm32.12.3.rel1.win32_1.0.100.202403111256/tools/bin/../lib/gcc/arm-none-eabi/12.3.1/thumb/v7e-m+dp/hard\libgcc.a(_udivmoddi4.o)
                0x0800033c                __udivmoddi4
 .text          0x080005f8        0x4 D:/Applications/STM32CubeIDE_1.15.1/STM32CubeIDE/plugins/com.st.stm32cube.ide.mcu.externaltools.gnu-tools-for-stm32.12.3.rel1.win32_1.0.100.202403111256/tools/bin/../lib/gcc/arm-none-eabi/12.3.1/thumb/v7e-m+dp/hard\libgcc.a(_dvmd_tls.o)
                0x080005f8                __aeabi_idiv0
                0x080005f8                __aeabi_ldiv0
 *(.text*)
 .text.MX_DMA_Init
                0x080005fc       0x50 ./Core/Src/dma.o
                0x080005fc                MX_DMA_Init
 .text.MX_FDCAN1_Init
                0x0800064c       0xc8 ./Core/Src/fdcan.o
                0x0800064c                MX_FDCAN1_Init
 .text.HAL_FDCAN_MspInit
                0x08000714       0xe0 ./Core/Src/fdcan.o
                0x08000714                HAL_FDCAN_MspInit
 .text.MX_GPIO_Init
                0x080007f4       0x70 ./Core/Src/gpio.o
                0x080007f4                MX_GPIO_Init
 .text.main     0x08000864       0x24 ./Core/Src/main.o
                0x08000864                main
 .text.SystemClock_Config
                0x08000888       0xdc ./Core/Src/main.o
                0x08000888                SystemClock_Config
 .text.Error_Handler
                0x08000964        0xc ./Core/Src/main.o
                0x08000964                Error_Handler
 .text.HAL_MspInit
                0x08000970       0x34 ./Core/Src/stm32h7xx_hal_msp.o
                0x08000970                HAL_MspInit
 .text.NMI_Handler
                0x080009a4        0x8 ./Core/Src/stm32h7xx_it.o
                0x080009a4                NMI_Handler
 .text.HardFault_Handler
                0x080009ac        0x8 ./Core/Src/stm32h7xx_it.o
                0x080009ac                HardFault_Handler
 .text.MemManage_Handler
                0x080009b4        0x8 ./Core/Src/stm32h7xx_it.o
                0x080009b4                MemManage_Handler
 .text.BusFault_Handler
                0x080009bc        0x8 ./Core/Src/stm32h7xx_it.o
                0x080009bc                BusFault_Handler
 .text.UsageFault_Handler
                0x080009c4        0x8 ./Core/Src/stm32h7xx_it.o
                0x080009c4                UsageFault_Handler
 .text.SVC_Handler
                0x080009cc        0xe ./Core/Src/stm32h7xx_it.o
                0x080009cc                SVC_Handler
 .text.DebugMon_Handler
                0x080009da        0xe ./Core/Src/stm32h7xx_it.o
                0x080009da                DebugMon_Handler
 .text.PendSV_Handler
                0x080009e8        0xe ./Core/Src/stm32h7xx_it.o
                0x080009e8                PendSV_Handler
 .text.SysTick_Handler
                0x080009f6        0xc ./Core/Src/stm32h7xx_it.o
                0x080009f6                SysTick_Handler
 *fill*         0x08000a02        0x2 
 .text.DMA1_Stream0_IRQHandler
                0x08000a04       0x14 ./Core/Src/stm32h7xx_it.o
                0x08000a04                DMA1_Stream0_IRQHandler
 .text.DMA1_Stream1_IRQHandler
                0x08000a18       0x14 ./Core/Src/stm32h7xx_it.o
                0x08000a18                DMA1_Stream1_IRQHandler
 .text.FDCAN1_IT0_IRQHandler
                0x08000a2c       0x14 ./Core/Src/stm32h7xx_it.o
                0x08000a2c                FDCAN1_IT0_IRQHandler
 .text.UART7_IRQHandler
                0x08000a40       0x14 ./Core/Src/stm32h7xx_it.o
                0x08000a40                UART7_IRQHandler
 .text.USART10_IRQHandler
                0x08000a54       0x14 ./Core/Src/stm32h7xx_it.o
                0x08000a54                USART10_IRQHandler
 .text.SystemInit
                0x08000a68       0xf0 ./Core/Src/system_stm32h7xx.o
                0x08000a68                SystemInit
 .text.MX_UART7_Init
                0x08000b58       0x9c ./Core/Src/usart.o
                0x08000b58                MX_UART7_Init
 .text.MX_USART10_UART_Init
                0x08000bf4       0x98 ./Core/Src/usart.o
                0x08000bf4                MX_USART10_UART_Init
 .text.HAL_UART_MspInit
                0x08000c8c      0x288 ./Core/Src/usart.o
                0x08000c8c                HAL_UART_MspInit
 .text.Reset_Handler
                0x08000f14       0x50 ./Core/Startup/startup_stm32h723vgtx.o
                0x08000f14                Reset_Handler
 .text.Default_Handler
                0x08000f64        0x2 ./Core/Startup/startup_stm32h723vgtx.o
                0x08000f64                RTC_Alarm_IRQHandler
                0x08000f64                EXTI2_IRQHandler
                0x08000f64                TIM8_CC_IRQHandler
                0x08000f64                UART8_IRQHandler
                0x08000f64                SPI4_IRQHandler
                0x08000f64                FDCAN3_IT0_IRQHandler
                0x08000f64                TIM1_CC_IRQHandler
                0x08000f64                BDMA_Channel6_IRQHandler
                0x08000f64                DMA2_Stream5_IRQHandler
                0x08000f64                DMA1_Stream5_IRQHandler
                0x08000f64                CORDIC_IRQHandler
                0x08000f64                BDMA_Channel1_IRQHandler
                0x08000f64                TAMP_STAMP_IRQHandler
                0x08000f64                EXTI3_IRQHandler
                0x08000f64                LPTIM4_IRQHandler
                0x08000f64                TIM8_TRG_COM_TIM14_IRQHandler
                0x08000f64                LPTIM2_IRQHandler
                0x08000f64                DFSDM1_FLT1_IRQHandler
                0x08000f64                DMAMUX2_OVR_IRQHandler
                0x08000f64                TIM8_UP_TIM13_IRQHandler
                0x08000f64                I2C3_ER_IRQHandler
                0x08000f64                DFSDM1_FLT2_IRQHandler
                0x08000f64                I2C5_EV_IRQHandler
                0x08000f64                MDMA_IRQHandler
                0x08000f64                LPTIM3_IRQHandler
                0x08000f64                HSEM1_IRQHandler
                0x08000f64                EXTI0_IRQHandler
                0x08000f64                I2C2_EV_IRQHandler
                0x08000f64                DMA1_Stream2_IRQHandler
                0x08000f64                FPU_IRQHandler
                0x08000f64                OTG_HS_WKUP_IRQHandler
                0x08000f64                FDCAN1_IT1_IRQHandler
                0x08000f64                LTDC_ER_IRQHandler
                0x08000f64                DMA2_Stream2_IRQHandler
                0x08000f64                SPI1_IRQHandler
                0x08000f64                OCTOSPI1_IRQHandler
                0x08000f64                TIM6_DAC_IRQHandler
                0x08000f64                DMA2_Stream3_IRQHandler
                0x08000f64                OCTOSPI2_IRQHandler
                0x08000f64                DFSDM1_FLT3_IRQHandler
                0x08000f64                TIM23_IRQHandler
                0x08000f64                USART6_IRQHandler
                0x08000f64                TIM17_IRQHandler
                0x08000f64                USART3_IRQHandler
                0x08000f64                BDMA_Channel7_IRQHandler
                0x08000f64                LPTIM5_IRQHandler
                0x08000f64                UART5_IRQHandler
                0x08000f64                ADC3_IRQHandler
                0x08000f64                DMA2_Stream0_IRQHandler
                0x08000f64                TIM4_IRQHandler
                0x08000f64                BDMA_Channel2_IRQHandler
                0x08000f64                I2C1_EV_IRQHandler
                0x08000f64                DMA1_Stream6_IRQHandler
                0x08000f64                DMAMUX1_OVR_IRQHandler
                0x08000f64                TIM16_IRQHandler
                0x08000f64                UART4_IRQHandler
                0x08000f64                BDMA_Channel5_IRQHandler
                0x08000f64                TIM3_IRQHandler
                0x08000f64                RCC_IRQHandler
                0x08000f64                UART9_IRQHandler
                0x08000f64                TIM8_BRK_TIM12_IRQHandler
                0x08000f64                TIM1_TRG_COM_IRQHandler
                0x08000f64                Default_Handler
                0x08000f64                ECC_IRQHandler
                0x08000f64                FMAC_IRQHandler
                0x08000f64                CEC_IRQHandler
                0x08000f64                EXTI15_10_IRQHandler
                0x08000f64                BDMA_Channel0_IRQHandler
                0x08000f64                ADC_IRQHandler
                0x08000f64                I2C5_ER_IRQHandler
                0x08000f64                DMA1_Stream7_IRQHandler
                0x08000f64                SPI5_IRQHandler
                0x08000f64                TIM7_IRQHandler
                0x08000f64                FDCAN3_IT1_IRQHandler
                0x08000f64                SDMMC1_IRQHandler
                0x08000f64                TIM5_IRQHandler
                0x08000f64                DMA2_Stream7_IRQHandler
                0x08000f64                TIM15_IRQHandler
                0x08000f64                PVD_AVD_IRQHandler
                0x08000f64                I2C3_EV_IRQHandler
                0x08000f64                EXTI9_5_IRQHandler
                0x08000f64                RTC_WKUP_IRQHandler
                0x08000f64                LTDC_IRQHandler
                0x08000f64                ETH_WKUP_IRQHandler
                0x08000f64                SPDIF_RX_IRQHandler
                0x08000f64                SPI2_IRQHandler
                0x08000f64                OTG_HS_EP1_IN_IRQHandler
                0x08000f64                TIM24_IRQHandler
                0x08000f64                CRS_IRQHandler
                0x08000f64                EXTI4_IRQHandler
                0x08000f64                RNG_IRQHandler
                0x08000f64                FDCAN2_IT1_IRQHandler
                0x08000f64                ETH_IRQHandler
                0x08000f64                TIM1_UP_IRQHandler
                0x08000f64                BDMA_Channel4_IRQHandler
                0x08000f64                OTG_HS_EP1_OUT_IRQHandler
                0x08000f64                WWDG_IRQHandler
                0x08000f64                SPI6_IRQHandler
                0x08000f64                MDIOS_IRQHandler
                0x08000f64                I2C4_EV_IRQHandler
                0x08000f64                FDCAN2_IT0_IRQHandler
                0x08000f64                LPUART1_IRQHandler
                0x08000f64                TIM2_IRQHandler
                0x08000f64                OTG_HS_IRQHandler
                0x08000f64                DMA2D_IRQHandler
                0x08000f64                TIM1_BRK_IRQHandler
                0x08000f64                EXTI1_IRQHandler
                0x08000f64                SDMMC2_IRQHandler
                0x08000f64                BDMA_Channel3_IRQHandler
                0x08000f64                DTS_IRQHandler
                0x08000f64                MDIOS_WKUP_IRQHandler
                0x08000f64                USART2_IRQHandler
                0x08000f64                DFSDM1_FLT0_IRQHandler
                0x08000f64                SAI4_IRQHandler
                0x08000f64                I2C2_ER_IRQHandler
                0x08000f64                DMA2_Stream1_IRQHandler
                0x08000f64                FLASH_IRQHandler
                0x08000f64                DMA2_Stream4_IRQHandler
                0x08000f64                USART1_IRQHandler
                0x08000f64                SPI3_IRQHandler
                0x08000f64                WAKEUP_PIN_IRQHandler
                0x08000f64                DMA1_Stream4_IRQHandler
                0x08000f64                I2C1_ER_IRQHandler
                0x08000f64                FMC_IRQHandler
                0x08000f64                FDCAN_CAL_IRQHandler
                0x08000f64                SWPMI1_IRQHandler
                0x08000f64                COMP1_IRQHandler
                0x08000f64                LPTIM1_IRQHandler
                0x08000f64                DCMI_PSSI_IRQHandler
                0x08000f64                I2C4_ER_IRQHandler
                0x08000f64                DMA2_Stream6_IRQHandler
                0x08000f64                SAI1_IRQHandler
                0x08000f64                DMA1_Stream3_IRQHandler
 *fill*         0x08000f66        0x2 
 .text.HAL_Init
                0x08000f68       0x78 ./Drivers/STM32H7xx_HAL_Driver/Src/stm32h7xx_hal.o
                0x08000f68                HAL_Init
 .text.HAL_InitTick
                0x08000fe0       0x6c ./Drivers/STM32H7xx_HAL_Driver/Src/stm32h7xx_hal.o
                0x08000fe0                HAL_InitTick
 .text.HAL_IncTick
                0x0800104c       0x28 ./Drivers/STM32H7xx_HAL_Driver/Src/stm32h7xx_hal.o
                0x0800104c                HAL_IncTick
 .text.HAL_GetTick
                0x08001074       0x18 ./Drivers/STM32H7xx_HAL_Driver/Src/stm32h7xx_hal.o
                0x08001074                HAL_GetTick
 .text.__NVIC_SetPriorityGrouping
                0x0800108c       0x48 ./Drivers/STM32H7xx_HAL_Driver/Src/stm32h7xx_hal_cortex.o
 .text.__NVIC_GetPriorityGrouping
                0x080010d4       0x1c ./Drivers/STM32H7xx_HAL_Driver/Src/stm32h7xx_hal_cortex.o
 .text.__NVIC_EnableIRQ
                0x080010f0       0x3c ./Drivers/STM32H7xx_HAL_Driver/Src/stm32h7xx_hal_cortex.o
 .text.__NVIC_SetPriority
                0x0800112c       0x54 ./Drivers/STM32H7xx_HAL_Driver/Src/stm32h7xx_hal_cortex.o
 .text.NVIC_EncodePriority
                0x08001180       0x66 ./Drivers/STM32H7xx_HAL_Driver/Src/stm32h7xx_hal_cortex.o
 *fill*         0x080011e6        0x2 
 .text.SysTick_Config
                0x080011e8       0x44 ./Drivers/STM32H7xx_HAL_Driver/Src/stm32h7xx_hal_cortex.o
 .text.HAL_NVIC_SetPriorityGrouping
                0x0800122c       0x16 ./Drivers/STM32H7xx_HAL_Driver/Src/stm32h7xx_hal_cortex.o
                0x0800122c                HAL_NVIC_SetPriorityGrouping
 .text.HAL_NVIC_SetPriority
                0x08001242       0x34 ./Drivers/STM32H7xx_HAL_Driver/Src/stm32h7xx_hal_cortex.o
                0x08001242                HAL_NVIC_SetPriority
 .text.HAL_NVIC_EnableIRQ
                0x08001276       0x1c ./Drivers/STM32H7xx_HAL_Driver/Src/stm32h7xx_hal_cortex.o
                0x08001276                HAL_NVIC_EnableIRQ
 .text.HAL_SYSTICK_Config
                0x08001292       0x18 ./Drivers/STM32H7xx_HAL_Driver/Src/stm32h7xx_hal_cortex.o
                0x08001292                HAL_SYSTICK_Config
 *fill*         0x080012aa        0x2 
 .text.HAL_DMA_Init
                0x080012ac      0x6b0 ./Drivers/STM32H7xx_HAL_Driver/Src/stm32h7xx_hal_dma.o
                0x080012ac                HAL_DMA_Init
 .text.HAL_DMA_Abort
                0x0800195c      0x63c ./Drivers/STM32H7xx_HAL_Driver/Src/stm32h7xx_hal_dma.o
                0x0800195c                HAL_DMA_Abort
 .text.HAL_DMA_Abort_IT
                0x08001f98      0x48c ./Drivers/STM32H7xx_HAL_Driver/Src/stm32h7xx_hal_dma.o
                0x08001f98                HAL_DMA_Abort_IT
 .text.HAL_DMA_IRQHandler
                0x08002424      0xe54 ./Drivers/STM32H7xx_HAL_Driver/Src/stm32h7xx_hal_dma.o
                0x08002424                HAL_DMA_IRQHandler
 .text.DMA_CalcBaseAndBitshift
                0x08003278      0x164 ./Drivers/STM32H7xx_HAL_Driver/Src/stm32h7xx_hal_dma.o
 .text.DMA_CheckFifoParam
                0x080033dc       0xf8 ./Drivers/STM32H7xx_HAL_Driver/Src/stm32h7xx_hal_dma.o
 .text.DMA_CalcDMAMUXChannelBaseAndMask
                0x080034d4      0x134 ./Drivers/STM32H7xx_HAL_Driver/Src/stm32h7xx_hal_dma.o
 .text.DMA_CalcDMAMUXRequestGenBaseAndMask
                0x08003608       0xe8 ./Drivers/STM32H7xx_HAL_Driver/Src/stm32h7xx_hal_dma.o
 .text.HAL_FDCAN_Init
                0x080036f0      0x3bc ./Drivers/STM32H7xx_HAL_Driver/Src/stm32h7xx_hal_fdcan.o
                0x080036f0                HAL_FDCAN_Init
 .text.HAL_FDCAN_IRQHandler
                0x08003aac      0x498 ./Drivers/STM32H7xx_HAL_Driver/Src/stm32h7xx_hal_fdcan.o
                0x08003aac                HAL_FDCAN_IRQHandler
 .text.HAL_FDCAN_ClockCalibrationCallback
                0x08003f44       0x16 ./Drivers/STM32H7xx_HAL_Driver/Src/stm32h7xx_hal_fdcan.o
                0x08003f44                HAL_FDCAN_ClockCalibrationCallback
 .text.HAL_FDCAN_TxEventFifoCallback
                0x08003f5a       0x16 ./Drivers/STM32H7xx_HAL_Driver/Src/stm32h7xx_hal_fdcan.o
                0x08003f5a                HAL_FDCAN_TxEventFifoCallback
 .text.HAL_FDCAN_RxFifo0Callback
                0x08003f70       0x16 ./Drivers/STM32H7xx_HAL_Driver/Src/stm32h7xx_hal_fdcan.o
                0x08003f70                HAL_FDCAN_RxFifo0Callback
 .text.HAL_FDCAN_RxFifo1Callback
                0x08003f86       0x16 ./Drivers/STM32H7xx_HAL_Driver/Src/stm32h7xx_hal_fdcan.o
                0x08003f86                HAL_FDCAN_RxFifo1Callback
 .text.HAL_FDCAN_TxFifoEmptyCallback
                0x08003f9c       0x14 ./Drivers/STM32H7xx_HAL_Driver/Src/stm32h7xx_hal_fdcan.o
                0x08003f9c                HAL_FDCAN_TxFifoEmptyCallback
 .text.HAL_FDCAN_TxBufferCompleteCallback
                0x08003fb0       0x16 ./Drivers/STM32H7xx_HAL_Driver/Src/stm32h7xx_hal_fdcan.o
                0x08003fb0                HAL_FDCAN_TxBufferCompleteCallback
 .text.HAL_FDCAN_TxBufferAbortCallback
                0x08003fc6       0x16 ./Drivers/STM32H7xx_HAL_Driver/Src/stm32h7xx_hal_fdcan.o
                0x08003fc6                HAL_FDCAN_TxBufferAbortCallback
 .text.HAL_FDCAN_RxBufferNewMessageCallback
                0x08003fdc       0x14 ./Drivers/STM32H7xx_HAL_Driver/Src/stm32h7xx_hal_fdcan.o
                0x08003fdc                HAL_FDCAN_RxBufferNewMessageCallback
 .text.HAL_FDCAN_TimestampWraparoundCallback
                0x08003ff0       0x14 ./Drivers/STM32H7xx_HAL_Driver/Src/stm32h7xx_hal_fdcan.o
                0x08003ff0                HAL_FDCAN_TimestampWraparoundCallback
 .text.HAL_FDCAN_TimeoutOccurredCallback
                0x08004004       0x14 ./Drivers/STM32H7xx_HAL_Driver/Src/stm32h7xx_hal_fdcan.o
                0x08004004                HAL_FDCAN_TimeoutOccurredCallback
 .text.HAL_FDCAN_HighPriorityMessageCallback
                0x08004018       0x14 ./Drivers/STM32H7xx_HAL_Driver/Src/stm32h7xx_hal_fdcan.o
                0x08004018                HAL_FDCAN_HighPriorityMessageCallback
 .text.HAL_FDCAN_ErrorCallback
                0x0800402c       0x14 ./Drivers/STM32H7xx_HAL_Driver/Src/stm32h7xx_hal_fdcan.o
                0x0800402c                HAL_FDCAN_ErrorCallback
 .text.HAL_FDCAN_ErrorStatusCallback
                0x08004040       0x16 ./Drivers/STM32H7xx_HAL_Driver/Src/stm32h7xx_hal_fdcan.o
                0x08004040                HAL_FDCAN_ErrorStatusCallback
 .text.HAL_FDCAN_TT_ScheduleSyncCallback
                0x08004056       0x16 ./Drivers/STM32H7xx_HAL_Driver/Src/stm32h7xx_hal_fdcan.o
                0x08004056                HAL_FDCAN_TT_ScheduleSyncCallback
 .text.HAL_FDCAN_TT_TimeMarkCallback
                0x0800406c       0x16 ./Drivers/STM32H7xx_HAL_Driver/Src/stm32h7xx_hal_fdcan.o
                0x0800406c                HAL_FDCAN_TT_TimeMarkCallback
 .text.HAL_FDCAN_TT_StopWatchCallback
                0x08004082       0x18 ./Drivers/STM32H7xx_HAL_Driver/Src/stm32h7xx_hal_fdcan.o
                0x08004082                HAL_FDCAN_TT_StopWatchCallback
 .text.HAL_FDCAN_TT_GlobalTimeCallback
                0x0800409a       0x16 ./Drivers/STM32H7xx_HAL_Driver/Src/stm32h7xx_hal_fdcan.o
                0x0800409a                HAL_FDCAN_TT_GlobalTimeCallback
 .text.FDCAN_CalcultateRamBlockAddresses
                0x080040b0      0x30c ./Drivers/STM32H7xx_HAL_Driver/Src/stm32h7xx_hal_fdcan.o
 .text.HAL_GPIO_Init
                0x080043bc      0x350 ./Drivers/STM32H7xx_HAL_Driver/Src/stm32h7xx_hal_gpio.o
                0x080043bc                HAL_GPIO_Init
 .text.HAL_PWREx_ConfigSupply
                0x0800470c       0x74 ./Drivers/STM32H7xx_HAL_Driver/Src/stm32h7xx_hal_pwr_ex.o
                0x0800470c                HAL_PWREx_ConfigSupply
 .text.HAL_RCC_OscConfig
                0x08004780      0x7b4 ./Drivers/STM32H7xx_HAL_Driver/Src/stm32h7xx_hal_rcc.o
                0x08004780                HAL_RCC_OscConfig
 .text.HAL_RCC_ClockConfig
                0x08004f34      0x36c ./Drivers/STM32H7xx_HAL_Driver/Src/stm32h7xx_hal_rcc.o
                0x08004f34                HAL_RCC_ClockConfig
 .text.HAL_RCC_GetSysClockFreq
                0x080052a0      0x2f4 ./Drivers/STM32H7xx_HAL_Driver/Src/stm32h7xx_hal_rcc.o
                0x080052a0                HAL_RCC_GetSysClockFreq
 .text.HAL_RCC_GetHCLKFreq
                0x08005594       0x60 ./Drivers/STM32H7xx_HAL_Driver/Src/stm32h7xx_hal_rcc.o
                0x08005594                HAL_RCC_GetHCLKFreq
 .text.HAL_RCC_GetPCLK1Freq
                0x080055f4       0x2c ./Drivers/STM32H7xx_HAL_Driver/Src/stm32h7xx_hal_rcc.o
                0x080055f4                HAL_RCC_GetPCLK1Freq
 .text.HAL_RCC_GetPCLK2Freq
                0x08005620       0x2c ./Drivers/STM32H7xx_HAL_Driver/Src/stm32h7xx_hal_rcc.o
                0x08005620                HAL_RCC_GetPCLK2Freq
 .text.HAL_RCCEx_PeriphCLKConfig
                0x0800564c     0x1340 ./Drivers/STM32H7xx_HAL_Driver/Src/stm32h7xx_hal_rcc_ex.o
                0x0800564c                HAL_RCCEx_PeriphCLKConfig
 .text.HAL_RCCEx_GetD3PCLK1Freq
                0x0800698c       0x2c ./Drivers/STM32H7xx_HAL_Driver/Src/stm32h7xx_hal_rcc_ex.o
                0x0800698c                HAL_RCCEx_GetD3PCLK1Freq
 .text.HAL_RCCEx_GetPLL2ClockFreq
                0x080069b8      0x2a8 ./Drivers/STM32H7xx_HAL_Driver/Src/stm32h7xx_hal_rcc_ex.o
                0x080069b8                HAL_RCCEx_GetPLL2ClockFreq
 .text.HAL_RCCEx_GetPLL3ClockFreq
                0x08006c60      0x2a8 ./Drivers/STM32H7xx_HAL_Driver/Src/stm32h7xx_hal_rcc_ex.o
                0x08006c60                HAL_RCCEx_GetPLL3ClockFreq
 .text.RCCEx_PLL2_Config
                0x08006f08      0x164 ./Drivers/STM32H7xx_HAL_Driver/Src/stm32h7xx_hal_rcc_ex.o
 .text.RCCEx_PLL3_Config
                0x0800706c      0x164 ./Drivers/STM32H7xx_HAL_Driver/Src/stm32h7xx_hal_rcc_ex.o
 .text.HAL_UART_Init
                0x080071d0       0xa0 ./Drivers/STM32H7xx_HAL_Driver/Src/stm32h7xx_hal_uart.o
                0x080071d0                HAL_UART_Init
 .text.HAL_UART_IRQHandler
                0x08007270      0x774 ./Drivers/STM32H7xx_HAL_Driver/Src/stm32h7xx_hal_uart.o
                0x08007270                HAL_UART_IRQHandler
 .text.HAL_UART_TxCpltCallback
                0x080079e4       0x14 ./Drivers/STM32H7xx_HAL_Driver/Src/stm32h7xx_hal_uart.o
                0x080079e4                HAL_UART_TxCpltCallback
 .text.HAL_UART_ErrorCallback
                0x080079f8       0x14 ./Drivers/STM32H7xx_HAL_Driver/Src/stm32h7xx_hal_uart.o
                0x080079f8                HAL_UART_ErrorCallback
 .text.HAL_UARTEx_RxEventCallback
                0x08007a0c       0x18 ./Drivers/STM32H7xx_HAL_Driver/Src/stm32h7xx_hal_uart.o
                0x08007a0c                HAL_UARTEx_RxEventCallback
 .text.UART_SetConfig
                0x08007a24      0xcd8 ./Drivers/STM32H7xx_HAL_Driver/Src/stm32h7xx_hal_uart.o
                0x08007a24                UART_SetConfig
 .text.UART_AdvFeatureConfig
                0x080086fc      0x144 ./Drivers/STM32H7xx_HAL_Driver/Src/stm32h7xx_hal_uart.o
                0x080086fc                UART_AdvFeatureConfig
 .text.UART_CheckIdleState
                0x08008840      0x154 ./Drivers/STM32H7xx_HAL_Driver/Src/stm32h7xx_hal_uart.o
                0x08008840                UART_CheckIdleState
 .text.UART_WaitOnFlagUntilTimeout
                0x08008994       0xda ./Drivers/STM32H7xx_HAL_Driver/Src/stm32h7xx_hal_uart.o
                0x08008994                UART_WaitOnFlagUntilTimeout
 *fill*         0x08008a6e        0x2 
 .text.UART_EndRxTransfer
                0x08008a70       0xcc ./Drivers/STM32H7xx_HAL_Driver/Src/stm32h7xx_hal_uart.o
 .text.UART_DMAAbortOnError
                0x08008b3c       0x2c ./Drivers/STM32H7xx_HAL_Driver/Src/stm32h7xx_hal_uart.o
 .text.UART_EndTransmit_IT
                0x08008b68       0x56 ./Drivers/STM32H7xx_HAL_Driver/Src/stm32h7xx_hal_uart.o
 .text.HAL_UARTEx_WakeupCallback
                0x08008bbe       0x14 ./Drivers/STM32H7xx_HAL_Driver/Src/stm32h7xx_hal_uart_ex.o
                0x08008bbe                HAL_UARTEx_WakeupCallback
 .text.HAL_UARTEx_RxFifoFullCallback
                0x08008bd2       0x14 ./Drivers/STM32H7xx_HAL_Driver/Src/stm32h7xx_hal_uart_ex.o
                0x08008bd2                HAL_UARTEx_RxFifoFullCallback
 .text.HAL_UARTEx_TxFifoEmptyCallback
                0x08008be6       0x14 ./Drivers/STM32H7xx_HAL_Driver/Src/stm32h7xx_hal_uart_ex.o
                0x08008be6                HAL_UARTEx_TxFifoEmptyCallback
 .text.HAL_UARTEx_DisableFifoMode
                0x08008bfa       0x72 ./Drivers/STM32H7xx_HAL_Driver/Src/stm32h7xx_hal_uart_ex.o
                0x08008bfa                HAL_UARTEx_DisableFifoMode
 .text.HAL_UARTEx_SetTxFifoThreshold
                0x08008c6c       0x7c ./Drivers/STM32H7xx_HAL_Driver/Src/stm32h7xx_hal_uart_ex.o
                0x08008c6c                HAL_UARTEx_SetTxFifoThreshold
 .text.HAL_UARTEx_SetRxFifoThreshold
                0x08008ce8       0x7c ./Drivers/STM32H7xx_HAL_Driver/Src/stm32h7xx_hal_uart_ex.o
                0x08008ce8                HAL_UARTEx_SetRxFifoThreshold
 .text.UARTEx_SetNbDataToProcess
                0x08008d64       0x9c ./Drivers/STM32H7xx_HAL_Driver/Src/stm32h7xx_hal_uart_ex.o
 .text.memset   0x08008e00       0x10 D:/Applications/STM32CubeIDE_1.15.1/STM32CubeIDE/plugins/com.st.stm32cube.ide.mcu.externaltools.gnu-tools-for-stm32.12.3.rel1.win32_1.0.100.202403111256/tools/bin/../lib/gcc/arm-none-eabi/12.3.1/../../../../arm-none-eabi/lib/thumb/v7e-m+dp/hard\libc_nano.a(libc_a-memset.o)
                0x08008e00                memset
 .text.__libc_init_array
                0x08008e10       0x48 D:/Applications/STM32CubeIDE_1.15.1/STM32CubeIDE/plugins/com.st.stm32cube.ide.mcu.externaltools.gnu-tools-for-stm32.12.3.rel1.win32_1.0.100.202403111256/tools/bin/../lib/gcc/arm-none-eabi/12.3.1/../../../../arm-none-eabi/lib/thumb/v7e-m+dp/hard\libc_nano.a(libc_a-init.o)
                0x08008e10                __libc_init_array
 .text.memcpy   0x08008e58       0x1c D:/Applications/STM32CubeIDE_1.15.1/STM32CubeIDE/plugins/com.st.stm32cube.ide.mcu.externaltools.gnu-tools-for-stm32.12.3.rel1.win32_1.0.100.202403111256/tools/bin/../lib/gcc/arm-none-eabi/12.3.1/../../../../arm-none-eabi/lib/thumb/v7e-m+dp/hard\libc_nano.a(libc_a-memcpy-stub.o)
                0x08008e58                memcpy
 *(.glue_7)
 .glue_7        0x08008e74        0x0 linker stubs
 *(.glue_7t)
 .glue_7t       0x08008e74        0x0 linker stubs
 *(.eh_frame)
 .eh_frame      0x08008e74        0x0 D:/Applications/STM32CubeIDE_1.15.1/STM32CubeIDE/plugins/com.st.stm32cube.ide.mcu.externaltools.gnu-tools-for-stm32.12.3.rel1.win32_1.0.100.202403111256/tools/bin/../lib/gcc/arm-none-eabi/12.3.1/thumb/v7e-m+dp/hard/crtbegin.o
 *(.init)
 .init          0x08008e74        0x4 D:/Applications/STM32CubeIDE_1.15.1/STM32CubeIDE/plugins/com.st.stm32cube.ide.mcu.externaltools.gnu-tools-for-stm32.12.3.rel1.win32_1.0.100.202403111256/tools/bin/../lib/gcc/arm-none-eabi/12.3.1/thumb/v7e-m+dp/hard/crti.o
                0x08008e74                _init
 .init          0x08008e78        0x8 D:/Applications/STM32CubeIDE_1.15.1/STM32CubeIDE/plugins/com.st.stm32cube.ide.mcu.externaltools.gnu-tools-for-stm32.12.3.rel1.win32_1.0.100.202403111256/tools/bin/../lib/gcc/arm-none-eabi/12.3.1/thumb/v7e-m+dp/hard/crtn.o
 *(.fini)
 .fini          0x08008e80        0x4 D:/Applications/STM32CubeIDE_1.15.1/STM32CubeIDE/plugins/com.st.stm32cube.ide.mcu.externaltools.gnu-tools-for-stm32.12.3.rel1.win32_1.0.100.202403111256/tools/bin/../lib/gcc/arm-none-eabi/12.3.1/thumb/v7e-m+dp/hard/crti.o
                0x08008e80                _fini
 .fini          0x08008e84        0x8 D:/Applications/STM32CubeIDE_1.15.1/STM32CubeIDE/plugins/com.st.stm32cube.ide.mcu.externaltools.gnu-tools-for-stm32.12.3.rel1.win32_1.0.100.202403111256/tools/bin/../lib/gcc/arm-none-eabi/12.3.1/thumb/v7e-m+dp/hard/crtn.o
                0x08008e8c                        . = ALIGN (0x4)
                0x08008e8c                        _etext = .

.vfp11_veneer   0x08008e8c        0x0
 .vfp11_veneer  0x08008e8c        0x0 linker stubs

.v4_bx          0x08008e8c        0x0
 .v4_bx         0x08008e8c        0x0 linker stubs

.iplt           0x08008e8c        0x0
 .iplt          0x08008e8c        0x0 D:/Applications/STM32CubeIDE_1.15.1/STM32CubeIDE/plugins/com.st.stm32cube.ide.mcu.externaltools.gnu-tools-for-stm32.12.3.rel1.win32_1.0.100.202403111256/tools/bin/../lib/gcc/arm-none-eabi/12.3.1/thumb/v7e-m+dp/hard/crtbegin.o

.rodata         0x08008e8c       0x8c
                0x08008e8c                        . = ALIGN (0x4)
 *(.rodata)
 .rodata        0x08008e8c       0x4c ./Drivers/STM32H7xx_HAL_Driver/Src/stm32h7xx_hal_fdcan.o
 *(.rodata*)
 .rodata.D1CorePrescTable
                0x08008ed8       0x10 ./Core/Src/system_stm32h7xx.o
                0x08008ed8                D1CorePrescTable
 .rodata.flagBitshiftOffset.0
                0x08008ee8        0x8 ./Drivers/STM32H7xx_HAL_Driver/Src/stm32h7xx_hal_dma.o
 .rodata.UARTPrescTable
                0x08008ef0       0x18 ./Drivers/STM32H7xx_HAL_Driver/Src/stm32h7xx_hal_uart.o
                0x08008ef0                UARTPrescTable
 .rodata.numerator.1
                0x08008f08        0x8 ./Drivers/STM32H7xx_HAL_Driver/Src/stm32h7xx_hal_uart_ex.o
 .rodata.denominator.0
                0x08008f10        0x8 ./Drivers/STM32H7xx_HAL_Driver/Src/stm32h7xx_hal_uart_ex.o
                0x08008f18                        . = ALIGN (0x4)

.ARM.extab
 *(.ARM.extab* .gnu.linkonce.armextab.*)

.ARM            0x08008f18        0x8
                0x08008f18                        __exidx_start = .
 *(.ARM.exidx*)
 .ARM.exidx     0x08008f18        0x8 D:/Applications/STM32CubeIDE_1.15.1/STM32CubeIDE/plugins/com.st.stm32cube.ide.mcu.externaltools.gnu-tools-for-stm32.12.3.rel1.win32_1.0.100.202403111256/tools/bin/../lib/gcc/arm-none-eabi/12.3.1/thumb/v7e-m+dp/hard\libgcc.a(_udivmoddi4.o)
                0x08008f20                        __exidx_end = .

.preinit_array  0x08008f20        0x0
                0x08008f20                        PROVIDE (__preinit_array_start = .)
 *(.preinit_array*)
                0x08008f20                        PROVIDE (__preinit_array_end = .)

.init_array     0x08008f20        0x4
                0x08008f20                        PROVIDE (__init_array_start = .)
 *(SORT_BY_NAME(.init_array.*))
 *(.init_array*)
 .init_array    0x08008f20        0x4 D:/Applications/STM32CubeIDE_1.15.1/STM32CubeIDE/plugins/com.st.stm32cube.ide.mcu.externaltools.gnu-tools-for-stm32.12.3.rel1.win32_1.0.100.202403111256/tools/bin/../lib/gcc/arm-none-eabi/12.3.1/thumb/v7e-m+dp/hard/crtbegin.o
                0x08008f24                        PROVIDE (__init_array_end = .)

.fini_array     0x08008f24        0x4
                [!provide]                        PROVIDE (__fini_array_start = .)
 *(SORT_BY_NAME(.fini_array.*))
 *(.fini_array*)
 .fini_array    0x08008f24        0x4 D:/Applications/STM32CubeIDE_1.15.1/STM32CubeIDE/plugins/com.st.stm32cube.ide.mcu.externaltools.gnu-tools-for-stm32.12.3.rel1.win32_1.0.100.202403111256/tools/bin/../lib/gcc/arm-none-eabi/12.3.1/thumb/v7e-m+dp/hard/crtbegin.o
                [!provide]                        PROVIDE (__fini_array_end = .)
                0x08008f28                        _sidata = LOADADDR (.data)

.rel.dyn        0x08008f28        0x0
 .rel.iplt      0x08008f28        0x0 D:/Applications/STM32CubeIDE_1.15.1/STM32CubeIDE/plugins/com.st.stm32cube.ide.mcu.externaltools.gnu-tools-for-stm32.12.3.rel1.win32_1.0.100.202403111256/tools/bin/../lib/gcc/arm-none-eabi/12.3.1/thumb/v7e-m+dp/hard/crtbegin.o

.data           0x24000000       0x10 load address 0x08008f28
                0x24000000                        . = ALIGN (0x4)
                0x24000000                        _sdata = .
 *(.data)
 *(.data*)
 .data.SystemCoreClock
                0x24000000        0x4 ./Core/Src/system_stm32h7xx.o
                0x24000000                SystemCoreClock
 .data.SystemD2Clock
                0x24000004        0x4 ./Core/Src/system_stm32h7xx.o
                0x24000004                SystemD2Clock
 .data.uwTickPrio
                0x24000008        0x4 ./Drivers/STM32H7xx_HAL_Driver/Src/stm32h7xx_hal.o
                0x24000008                uwTickPrio
 .data.uwTickFreq
                0x2400000c        0x1 ./Drivers/STM32H7xx_HAL_Driver/Src/stm32h7xx_hal.o
                0x2400000c                uwTickFreq
 *(.RamFunc)
 *(.RamFunc*)
                0x24000010                        . = ALIGN (0x4)
 *fill*         0x2400000d        0x3 
                0x24000010                        _edata = .

.igot.plt       0x24000010        0x0 load address 0x08008f38
 .igot.plt      0x24000010        0x0 D:/Applications/STM32CubeIDE_1.15.1/STM32CubeIDE/plugins/com.st.stm32cube.ide.mcu.externaltools.gnu-tools-for-stm32.12.3.rel1.win32_1.0.100.202403111256/tools/bin/../lib/gcc/arm-none-eabi/12.3.1/thumb/v7e-m+dp/hard/crtbegin.o
                0x24000010                        . = ALIGN (0x4)

.bss            0x24000010      0x2d8 load address 0x08008f38
                0x24000010                        _sbss = .
                0x24000010                        __bss_start__ = _sbss
 *(.bss)
 .bss           0x24000010       0x1c D:/Applications/STM32CubeIDE_1.15.1/STM32CubeIDE/plugins/com.st.stm32cube.ide.mcu.externaltools.gnu-tools-for-stm32.12.3.rel1.win32_1.0.100.202403111256/tools/bin/../lib/gcc/arm-none-eabi/12.3.1/thumb/v7e-m+dp/hard/crtbegin.o
 *(.bss*)
 .bss.hfdcan1   0x2400002c       0xa0 ./Core/Src/fdcan.o
                0x2400002c                hfdcan1
 .bss.huart7    0x240000cc       0x94 ./Core/Src/usart.o
                0x240000cc                huart7
 .bss.huart10   0x24000160       0x94 ./Core/Src/usart.o
                0x24000160                huart10
 .bss.hdma_uart7_rx
                0x240001f4       0x78 ./Core/Src/usart.o
                0x240001f4                hdma_uart7_rx
 .bss.hdma_usart10_rx
                0x2400026c       0x78 ./Core/Src/usart.o
                0x2400026c                hdma_usart10_rx
 .bss.uwTick    0x240002e4        0x4 ./Drivers/STM32H7xx_HAL_Driver/Src/stm32h7xx_hal.o
                0x240002e4                uwTick
 *(COMMON)
                0x240002e8                        . = ALIGN (0x4)
                0x240002e8                        _ebss = .
                0x240002e8                        __bss_end__ = _ebss

._user_heap_stack
                0x240002e8      0x600 load address 0x08008f38
                0x240002e8                        . = ALIGN (0x8)
                [!provide]                        PROVIDE (end = .)
                0x240002e8                        PROVIDE (_end = .)
                0x240004e8                        . = (. + _Min_Heap_Size)
 *fill*         0x240002e8      0x200 
                0x240008e8                        . = (. + _Min_Stack_Size)
 *fill*         0x240004e8      0x400 
                0x240008e8                        . = ALIGN (0x8)

/DISCARD/
 libc.a(*)
 libm.a(*)
 libgcc.a(*)

.ARM.attributes
                0x00000000       0x2e
 *(.ARM.attributes)
 .ARM.attributes
                0x00000000       0x20 D:/Applications/STM32CubeIDE_1.15.1/STM32CubeIDE/plugins/com.st.stm32cube.ide.mcu.externaltools.gnu-tools-for-stm32.12.3.rel1.win32_1.0.100.202403111256/tools/bin/../lib/gcc/arm-none-eabi/12.3.1/thumb/v7e-m+dp/hard/crti.o
 .ARM.attributes
                0x00000020       0x32 D:/Applications/STM32CubeIDE_1.15.1/STM32CubeIDE/plugins/com.st.stm32cube.ide.mcu.externaltools.gnu-tools-for-stm32.12.3.rel1.win32_1.0.100.202403111256/tools/bin/../lib/gcc/arm-none-eabi/12.3.1/thumb/v7e-m+dp/hard/crtbegin.o
 .ARM.attributes
                0x00000052       0x32 ./Core/Src/dma.o
 .ARM.attributes
                0x00000084       0x32 ./Core/Src/fdcan.o
 .ARM.attributes
                0x000000b6       0x32 ./Core/Src/gpio.o
 .ARM.attributes
                0x000000e8       0x32 ./Core/Src/main.o
 .ARM.attributes
                0x0000011a       0x32 ./Core/Src/stm32h7xx_hal_msp.o
 .ARM.attributes
                0x0000014c       0x32 ./Core/Src/stm32h7xx_it.o
 .ARM.attributes
                0x0000017e       0x32 ./Core/Src/system_stm32h7xx.o
 .ARM.attributes
                0x000001b0       0x32 ./Core/Src/usart.o
 .ARM.attributes
                0x000001e2       0x21 ./Core/Startup/startup_stm32h723vgtx.o
 .ARM.attributes
                0x00000203       0x32 ./Drivers/STM32H7xx_HAL_Driver/Src/stm32h7xx_hal.o
 .ARM.attributes
                0x00000235       0x32 ./Drivers/STM32H7xx_HAL_Driver/Src/stm32h7xx_hal_cortex.o
 .ARM.attributes
                0x00000267       0x32 ./Drivers/STM32H7xx_HAL_Driver/Src/stm32h7xx_hal_dma.o
 .ARM.attributes
                0x00000299       0x32 ./Drivers/STM32H7xx_HAL_Driver/Src/stm32h7xx_hal_fdcan.o
 .ARM.attributes
                0x000002cb       0x32 ./Drivers/STM32H7xx_HAL_Driver/Src/stm32h7xx_hal_gpio.o
 .ARM.attributes
                0x000002fd       0x32 ./Drivers/STM32H7xx_HAL_Driver/Src/stm32h7xx_hal_pwr_ex.o
 .ARM.attributes
                0x0000032f       0x32 ./Drivers/STM32H7xx_HAL_Driver/Src/stm32h7xx_hal_rcc.o
 .ARM.attributes
                0x00000361       0x32 ./Drivers/STM32H7xx_HAL_Driver/Src/stm32h7xx_hal_rcc_ex.o
 .ARM.attributes
                0x00000393       0x32 ./Drivers/STM32H7xx_HAL_Driver/Src/stm32h7xx_hal_uart.o
 .ARM.attributes
                0x000003c5       0x32 ./Drivers/STM32H7xx_HAL_Driver/Src/stm32h7xx_hal_uart_ex.o
 .ARM.attributes
                0x000003f7       0x32 D:/Applications/STM32CubeIDE_1.15.1/STM32CubeIDE/plugins/com.st.stm32cube.ide.mcu.externaltools.gnu-tools-for-stm32.12.3.rel1.win32_1.0.100.202403111256/tools/bin/../lib/gcc/arm-none-eabi/12.3.1/../../../../arm-none-eabi/lib/thumb/v7e-m+dp/hard\libc_nano.a(libc_a-memset.o)
 .ARM.attributes
                0x00000429       0x32 D:/Applications/STM32CubeIDE_1.15.1/STM32CubeIDE/plugins/com.st.stm32cube.ide.mcu.externaltools.gnu-tools-for-stm32.12.3.rel1.win32_1.0.100.202403111256/tools/bin/../lib/gcc/arm-none-eabi/12.3.1/../../../../arm-none-eabi/lib/thumb/v7e-m+dp/hard\libc_nano.a(libc_a-init.o)
 .ARM.attributes
                0x0000045b       0x32 D:/Applications/STM32CubeIDE_1.15.1/STM32CubeIDE/plugins/com.st.stm32cube.ide.mcu.externaltools.gnu-tools-for-stm32.12.3.rel1.win32_1.0.100.202403111256/tools/bin/../lib/gcc/arm-none-eabi/12.3.1/../../../../arm-none-eabi/lib/thumb/v7e-m+dp/hard\libc_nano.a(libc_a-memcpy-stub.o)
 .ARM.attributes
                0x0000048d       0x20 D:/Applications/STM32CubeIDE_1.15.1/STM32CubeIDE/plugins/com.st.stm32cube.ide.mcu.externaltools.gnu-tools-for-stm32.12.3.rel1.win32_1.0.100.202403111256/tools/bin/../lib/gcc/arm-none-eabi/12.3.1/thumb/v7e-m+dp/hard\libgcc.a(_aeabi_uldivmod.o)
 .ARM.attributes
                0x000004ad       0x32 D:/Applications/STM32CubeIDE_1.15.1/STM32CubeIDE/plugins/com.st.stm32cube.ide.mcu.externaltools.gnu-tools-for-stm32.12.3.rel1.win32_1.0.100.202403111256/tools/bin/../lib/gcc/arm-none-eabi/12.3.1/thumb/v7e-m+dp/hard\libgcc.a(_udivmoddi4.o)
 .ARM.attributes
                0x000004df       0x20 D:/Applications/STM32CubeIDE_1.15.1/STM32CubeIDE/plugins/com.st.stm32cube.ide.mcu.externaltools.gnu-tools-for-stm32.12.3.rel1.win32_1.0.100.202403111256/tools/bin/../lib/gcc/arm-none-eabi/12.3.1/thumb/v7e-m+dp/hard\libgcc.a(_dvmd_tls.o)
 .ARM.attributes
                0x000004ff       0x20 D:/Applications/STM32CubeIDE_1.15.1/STM32CubeIDE/plugins/com.st.stm32cube.ide.mcu.externaltools.gnu-tools-for-stm32.12.3.rel1.win32_1.0.100.202403111256/tools/bin/../lib/gcc/arm-none-eabi/12.3.1/thumb/v7e-m+dp/hard/crtn.o
OUTPUT(Ballbot.elf elf32-littlearm)
LOAD linker stubs
LOAD D:/Applications/STM32CubeIDE_1.15.1/STM32CubeIDE/plugins/com.st.stm32cube.ide.mcu.externaltools.gnu-tools-for-stm32.12.3.rel1.win32_1.0.100.202403111256/tools/bin/../lib/gcc/arm-none-eabi/12.3.1/../../../../arm-none-eabi/lib/thumb/v7e-m+dp/hard\libc.a
LOAD D:/Applications/STM32CubeIDE_1.15.1/STM32CubeIDE/plugins/com.st.stm32cube.ide.mcu.externaltools.gnu-tools-for-stm32.12.3.rel1.win32_1.0.100.202403111256/tools/bin/../lib/gcc/arm-none-eabi/12.3.1/../../../../arm-none-eabi/lib/thumb/v7e-m+dp/hard\libm.a
LOAD D:/Applications/STM32CubeIDE_1.15.1/STM32CubeIDE/plugins/com.st.stm32cube.ide.mcu.externaltools.gnu-tools-for-stm32.12.3.rel1.win32_1.0.100.202403111256/tools/bin/../lib/gcc/arm-none-eabi/12.3.1/thumb/v7e-m+dp/hard\libgcc.a

.debug_info     0x00000000    0x14dcf
 .debug_info    0x00000000      0x817 ./Core/Src/dma.o
 .debug_info    0x00000817     0x1507 ./Core/Src/fdcan.o
 .debug_info    0x00001d1e      0x498 ./Core/Src/gpio.o
 .debug_info    0x000021b6      0x400 ./Core/Src/main.o
 .debug_info    0x000025b6      0x464 ./Core/Src/stm32h7xx_hal_msp.o
 .debug_info    0x00002a1a     0x1038 ./Core/Src/stm32h7xx_it.o
 .debug_info    0x00003a52      0xb2e ./Core/Src/system_stm32h7xx.o
 .debug_info    0x00004580     0x1570 ./Core/Src/usart.o
 .debug_info    0x00005af0       0x30 ./Core/Startup/startup_stm32h723vgtx.o
 .debug_info    0x00005b20     0x1698 ./Drivers/STM32H7xx_HAL_Driver/Src/stm32h7xx_hal.o
 .debug_info    0x000071b8     0x10a0 ./Drivers/STM32H7xx_HAL_Driver/Src/stm32h7xx_hal_cortex.o
 .debug_info    0x00008258      0xb67 ./Drivers/STM32H7xx_HAL_Driver/Src/stm32h7xx_hal_dma.o
 .debug_info    0x00008dbf     0x2baf ./Drivers/STM32H7xx_HAL_Driver/Src/stm32h7xx_hal_fdcan.o
 .debug_info    0x0000b96e      0xc5c ./Drivers/STM32H7xx_HAL_Driver/Src/stm32h7xx_hal_gpio.o
 .debug_info    0x0000c5ca      0xdc4 ./Drivers/STM32H7xx_HAL_Driver/Src/stm32h7xx_hal_pwr_ex.o
 .debug_info    0x0000d38e      0xd73 ./Drivers/STM32H7xx_HAL_Driver/Src/stm32h7xx_hal_rcc.o
 .debug_info    0x0000e101     0x11fc ./Drivers/STM32H7xx_HAL_Driver/Src/stm32h7xx_hal_rcc_ex.o
 .debug_info    0x0000f2fd     0x4b13 ./Drivers/STM32H7xx_HAL_Driver/Src/stm32h7xx_hal_uart.o
 .debug_info    0x00013e10      0xfbf ./Drivers/STM32H7xx_HAL_Driver/Src/stm32h7xx_hal_uart_ex.o

.debug_abbrev   0x00000000     0x2681
 .debug_abbrev  0x00000000      0x11e ./Core/Src/dma.o
 .debug_abbrev  0x0000011e      0x208 ./Core/Src/fdcan.o
 .debug_abbrev  0x00000326       0xe8 ./Core/Src/gpio.o
 .debug_abbrev  0x0000040e      0x1b7 ./Core/Src/main.o
 .debug_abbrev  0x000005c5       0xdb ./Core/Src/stm32h7xx_hal_msp.o
 .debug_abbrev  0x000006a0      0x1bd ./Core/Src/stm32h7xx_it.o
 .debug_abbrev  0x0000085d      0x13a ./Core/Src/system_stm32h7xx.o
 .debug_abbrev  0x00000997      0x263 ./Core/Src/usart.o
 .debug_abbrev  0x00000bfa       0x24 ./Core/Startup/startup_stm32h723vgtx.o
 .debug_abbrev  0x00000c1e      0x29e ./Drivers/STM32H7xx_HAL_Driver/Src/stm32h7xx_hal.o
 .debug_abbrev  0x00000ebc      0x339 ./Drivers/STM32H7xx_HAL_Driver/Src/stm32h7xx_hal_cortex.o
 .debug_abbrev  0x000011f5      0x248 ./Drivers/STM32H7xx_HAL_Driver/Src/stm32h7xx_hal_dma.o
 .debug_abbrev  0x0000143d      0x288 ./Drivers/STM32H7xx_HAL_Driver/Src/stm32h7xx_hal_fdcan.o
 .debug_abbrev  0x000016c5      0x1fe ./Drivers/STM32H7xx_HAL_Driver/Src/stm32h7xx_hal_gpio.o
 .debug_abbrev  0x000018c3      0x295 ./Drivers/STM32H7xx_HAL_Driver/Src/stm32h7xx_hal_pwr_ex.o
 .debug_abbrev  0x00001b58      0x2b1 ./Drivers/STM32H7xx_HAL_Driver/Src/stm32h7xx_hal_rcc.o
 .debug_abbrev  0x00001e09      0x269 ./Drivers/STM32H7xx_HAL_Driver/Src/stm32h7xx_hal_rcc_ex.o
 .debug_abbrev  0x00002072      0x33d ./Drivers/STM32H7xx_HAL_Driver/Src/stm32h7xx_hal_uart.o
 .debug_abbrev  0x000023af      0x2d2 ./Drivers/STM32H7xx_HAL_Driver/Src/stm32h7xx_hal_uart_ex.o

.debug_aranges  0x00000000      0xeb0
 .debug_aranges
                0x00000000       0x20 ./Core/Src/dma.o
 .debug_aranges
                0x00000020       0x30 ./Core/Src/fdcan.o
 .debug_aranges
                0x00000050       0x20 ./Core/Src/gpio.o
 .debug_aranges
                0x00000070       0x30 ./Core/Src/main.o
 .debug_aranges
                0x000000a0       0x20 ./Core/Src/stm32h7xx_hal_msp.o
 .debug_aranges
                0x000000c0       0x88 ./Core/Src/stm32h7xx_it.o
 .debug_aranges
                0x00000148       0x28 ./Core/Src/system_stm32h7xx.o
 .debug_aranges
                0x00000170       0x38 ./Core/Src/usart.o
 .debug_aranges
                0x000001a8       0x28 ./Core/Startup/startup_stm32h723vgtx.o
 .debug_aranges
                0x000001d0      0x1c8 ./Drivers/STM32H7xx_HAL_Driver/Src/stm32h7xx_hal.o
 .debug_aranges
                0x00000398      0x130 ./Drivers/STM32H7xx_HAL_Driver/Src/stm32h7xx_hal_cortex.o
 .debug_aranges
                0x000004c8       0xa0 ./Drivers/STM32H7xx_HAL_Driver/Src/stm32h7xx_hal_dma.o
 .debug_aranges
                0x00000568      0x338 ./Drivers/STM32H7xx_HAL_Driver/Src/stm32h7xx_hal_fdcan.o
 .debug_aranges
                0x000008a0       0x58 ./Drivers/STM32H7xx_HAL_Driver/Src/stm32h7xx_hal_gpio.o
 .debug_aranges
                0x000008f8      0x148 ./Drivers/STM32H7xx_HAL_Driver/Src/stm32h7xx_hal_pwr_ex.o
 .debug_aranges
                0x00000a40       0x88 ./Drivers/STM32H7xx_HAL_Driver/Src/stm32h7xx_hal_rcc.o
 .debug_aranges
                0x00000ac8       0xf8 ./Drivers/STM32H7xx_HAL_Driver/Src/stm32h7xx_hal_rcc_ex.o
 .debug_aranges
                0x00000bc0      0x248 ./Drivers/STM32H7xx_HAL_Driver/Src/stm32h7xx_hal_uart.o
 .debug_aranges
                0x00000e08       0xa8 ./Drivers/STM32H7xx_HAL_Driver/Src/stm32h7xx_hal_uart_ex.o

.debug_rnglists
                0x00000000      0xb4f
 .debug_rnglists
                0x00000000       0x13 ./Core/Src/dma.o
 .debug_rnglists
                0x00000013       0x21 ./Core/Src/fdcan.o
 .debug_rnglists
                0x00000034       0x13 ./Core/Src/gpio.o
 .debug_rnglists
                0x00000047       0x20 ./Core/Src/main.o
 .debug_rnglists
                0x00000067       0x13 ./Core/Src/stm32h7xx_hal_msp.o
 .debug_rnglists
                0x0000007a       0x61 ./Core/Src/stm32h7xx_it.o
 .debug_rnglists
                0x000000db       0x1b ./Core/Src/system_stm32h7xx.o
 .debug_rnglists
                0x000000f6       0x29 ./Core/Src/usart.o
 .debug_rnglists
                0x0000011f       0x19 ./Core/Startup/startup_stm32h723vgtx.o
 .debug_rnglists
                0x00000138      0x155 ./Drivers/STM32H7xx_HAL_Driver/Src/stm32h7xx_hal.o
 .debug_rnglists
                0x0000028d       0xe0 ./Drivers/STM32H7xx_HAL_Driver/Src/stm32h7xx_hal_cortex.o
 .debug_rnglists
                0x0000036d       0x82 ./Drivers/STM32H7xx_HAL_Driver/Src/stm32h7xx_hal_dma.o
 .debug_rnglists
                0x000003ef      0x28b ./Drivers/STM32H7xx_HAL_Driver/Src/stm32h7xx_hal_fdcan.o
 .debug_rnglists
                0x0000067a       0x3f ./Drivers/STM32H7xx_HAL_Driver/Src/stm32h7xx_hal_gpio.o
 .debug_rnglists
                0x000006b9       0xf5 ./Drivers/STM32H7xx_HAL_Driver/Src/stm32h7xx_hal_pwr_ex.o
 .debug_rnglists
                0x000007ae       0x68 ./Drivers/STM32H7xx_HAL_Driver/Src/stm32h7xx_hal_rcc.o
 .debug_rnglists
                0x00000816       0xc0 ./Drivers/STM32H7xx_HAL_Driver/Src/stm32h7xx_hal_rcc_ex.o
 .debug_rnglists
                0x000008d6      0x1fa ./Drivers/STM32H7xx_HAL_Driver/Src/stm32h7xx_hal_uart.o
 .debug_rnglists
                0x00000ad0       0x7f ./Drivers/STM32H7xx_HAL_Driver/Src/stm32h7xx_hal_uart_ex.o

.debug_macro    0x00000000    0x32fc8
 .debug_macro   0x00000000      0x2b2 ./Core/Src/dma.o
 .debug_macro   0x000002b2      0xacc ./Core/Src/dma.o
 .debug_macro   0x00000d7e      0x238 ./Core/Src/dma.o
 .debug_macro   0x00000fb6       0x2e ./Core/Src/dma.o
 .debug_macro   0x00000fe4       0x3b ./Core/Src/dma.o
 .debug_macro   0x0000101f       0x22 ./Core/Src/dma.o
 .debug_macro   0x00001041       0x8e ./Core/Src/dma.o
 .debug_macro   0x000010cf       0x51 ./Core/Src/dma.o
 .debug_macro   0x00001120      0x103 ./Core/Src/dma.o
 .debug_macro   0x00001223       0x6a ./Core/Src/dma.o
 .debug_macro   0x0000128d      0x1df ./Core/Src/dma.o
 .debug_macro   0x0000146c       0x1c ./Core/Src/dma.o
 .debug_macro   0x00001488       0x22 ./Core/Src/dma.o
 .debug_macro   0x000014aa       0xfb ./Core/Src/dma.o
 .debug_macro   0x000015a5     0x1305 ./Core/Src/dma.o
 .debug_macro   0x000028aa      0x11f ./Core/Src/dma.o
 .debug_macro   0x000029c9       0x27 ./Core/Src/dma.o
 .debug_macro   0x000029f0    0x2127f ./Core/Src/dma.o
 .debug_macro   0x00023c6f       0x6d ./Core/Src/dma.o
 .debug_macro   0x00023cdc     0x3d64 ./Core/Src/dma.o
 .debug_macro   0x00027a40      0x189 ./Core/Src/dma.o
 .debug_macro   0x00027bc9       0x61 ./Core/Src/dma.o
 .debug_macro   0x00027c2a       0x29 ./Core/Src/dma.o
 .debug_macro   0x00027c53       0x43 ./Core/Src/dma.o
 .debug_macro   0x00027c96       0x34 ./Core/Src/dma.o
 .debug_macro   0x00027cca       0x16 ./Core/Src/dma.o
 .debug_macro   0x00027ce0       0x43 ./Core/Src/dma.o
 .debug_macro   0x00027d23       0x34 ./Core/Src/dma.o
 .debug_macro   0x00027d57       0x10 ./Core/Src/dma.o
 .debug_macro   0x00027d67       0x58 ./Core/Src/dma.o
 .debug_macro   0x00027dbf       0x8e ./Core/Src/dma.o
 .debug_macro   0x00027e4d       0x1c ./Core/Src/dma.o
 .debug_macro   0x00027e69      0x177 ./Core/Src/dma.o
 .debug_macro   0x00027fe0      0x369 ./Core/Src/dma.o
 .debug_macro   0x00028349      0x19b ./Core/Src/dma.o
 .debug_macro   0x000284e4       0x5d ./Core/Src/dma.o
 .debug_macro   0x00028541     0x2462 ./Core/Src/dma.o
 .debug_macro   0x0002a9a3     0x1079 ./Core/Src/dma.o
 .debug_macro   0x0002ba1c      0x154 ./Core/Src/dma.o
 .debug_macro   0x0002bb70      0x114 ./Core/Src/dma.o
 .debug_macro   0x0002bc84      0x3fc ./Core/Src/dma.o
 .debug_macro   0x0002c080       0xac ./Core/Src/dma.o
 .debug_macro   0x0002c12c      0x788 ./Core/Src/dma.o
 .debug_macro   0x0002c8b4      0x228 ./Core/Src/dma.o
 .debug_macro   0x0002cadc       0x66 ./Core/Src/dma.o
 .debug_macro   0x0002cb42      0x3a6 ./Core/Src/dma.o
 .debug_macro   0x0002cee8      0x3f9 ./Core/Src/dma.o
 .debug_macro   0x0002d2e1      0x275 ./Core/Src/dma.o
 .debug_macro   0x0002d556      0xe42 ./Core/Src/dma.o
 .debug_macro   0x0002e398      0x3ca ./Core/Src/dma.o
 .debug_macro   0x0002e762      0x45c ./Core/Src/dma.o
 .debug_macro   0x0002ebbe       0x3c ./Core/Src/dma.o
 .debug_macro   0x0002ebfa       0x4a ./Core/Src/dma.o
 .debug_macro   0x0002ec44      0x22c ./Core/Src/dma.o
 .debug_macro   0x0002ee70       0x67 ./Core/Src/dma.o
 .debug_macro   0x0002eed7       0xa5 ./Core/Src/dma.o
 .debug_macro   0x0002ef7c      0x1c4 ./Core/Src/dma.o
 .debug_macro   0x0002f140      0x22a ./Core/Src/dma.o
 .debug_macro   0x0002f36a       0x35 ./Core/Src/dma.o
 .debug_macro   0x0002f39f      0x693 ./Core/Src/dma.o
 .debug_macro   0x0002fa32       0xa6 ./Core/Src/dma.o
 .debug_macro   0x0002fad8      0x5e6 ./Core/Src/dma.o
 .debug_macro   0x000300be      0x2b2 ./Core/Src/fdcan.o
 .debug_macro   0x00030370      0x2b2 ./Core/Src/gpio.o
 .debug_macro   0x00030622      0x2d4 ./Core/Src/main.o
 .debug_macro   0x000308f6      0x2a8 ./Core/Src/stm32h7xx_hal_msp.o
 .debug_macro   0x00030b9e      0x2b2 ./Core/Src/stm32h7xx_it.o
 .debug_macro   0x00030e50      0x29e ./Core/Src/system_stm32h7xx.o
 .debug_macro   0x000310ee      0x2b2 ./Core/Src/usart.o
 .debug_macro   0x000313a0      0x2c8 ./Drivers/STM32H7xx_HAL_Driver/Src/stm32h7xx_hal.o
 .debug_macro   0x00031668      0x29e ./Drivers/STM32H7xx_HAL_Driver/Src/stm32h7xx_hal_cortex.o
 .debug_macro   0x00031906      0x2f2 ./Drivers/STM32H7xx_HAL_Driver/Src/stm32h7xx_hal_dma.o
 .debug_macro   0x00031bf8      0x363 ./Drivers/STM32H7xx_HAL_Driver/Src/stm32h7xx_hal_fdcan.o
 .debug_macro   0x00031f5b      0x2a5 ./Drivers/STM32H7xx_HAL_Driver/Src/stm32h7xx_hal_gpio.o
 .debug_macro   0x00032200      0x2d7 ./Drivers/STM32H7xx_HAL_Driver/Src/stm32h7xx_hal_pwr_ex.o
 .debug_macro   0x000324d7      0x2c2 ./Drivers/STM32H7xx_HAL_Driver/Src/stm32h7xx_hal_rcc.o
 .debug_macro   0x00032799      0x2bc ./Drivers/STM32H7xx_HAL_Driver/Src/stm32h7xx_hal_rcc_ex.o
 .debug_macro   0x00032a55      0x2c9 ./Drivers/STM32H7xx_HAL_Driver/Src/stm32h7xx_hal_uart.o
 .debug_macro   0x00032d1e      0x2aa ./Drivers/STM32H7xx_HAL_Driver/Src/stm32h7xx_hal_uart_ex.o

.debug_line     0x00000000    0x1674b
 .debug_line    0x00000000      0x9b9 ./Core/Src/dma.o
 .debug_line    0x000009b9      0xa6b ./Core/Src/fdcan.o
 .debug_line    0x00001424      0x9b9 ./Core/Src/gpio.o
 .debug_line    0x00001ddd      0xa76 ./Core/Src/main.o
 .debug_line    0x00002853      0x9ba ./Core/Src/stm32h7xx_hal_msp.o
 .debug_line    0x0000320d      0xaf6 ./Core/Src/stm32h7xx_it.o
 .debug_line    0x00003d03      0xb6c ./Core/Src/system_stm32h7xx.o
 .debug_line    0x0000486f      0xb5c ./Core/Src/usart.o
 .debug_line    0x000053cb       0x7a ./Core/Startup/startup_stm32h723vgtx.o
 .debug_line    0x00005445      0xffd ./Drivers/STM32H7xx_HAL_Driver/Src/stm32h7xx_hal.o
 .debug_line    0x00006442      0xf9b ./Drivers/STM32H7xx_HAL_Driver/Src/stm32h7xx_hal_cortex.o
 .debug_line    0x000073dd     0x28d2 ./Drivers/STM32H7xx_HAL_Driver/Src/stm32h7xx_hal_dma.o
 .debug_line    0x00009caf     0x2a2a ./Drivers/STM32H7xx_HAL_Driver/Src/stm32h7xx_hal_fdcan.o
 .debug_line    0x0000c6d9      0xe30 ./Drivers/STM32H7xx_HAL_Driver/Src/stm32h7xx_hal_gpio.o
 .debug_line    0x0000d509      0xfea ./Drivers/STM32H7xx_HAL_Driver/Src/stm32h7xx_hal_pwr_ex.o
 .debug_line    0x0000e4f3     0x1493 ./Drivers/STM32H7xx_HAL_Driver/Src/stm32h7xx_hal_rcc.o
 .debug_line    0x0000f986     0x1d62 ./Drivers/STM32H7xx_HAL_Driver/Src/stm32h7xx_hal_rcc_ex.o
 .debug_line    0x000116e8     0x4059 ./Drivers/STM32H7xx_HAL_Driver/Src/stm32h7xx_hal_uart.o
 .debug_line    0x00015741     0x100a ./Drivers/STM32H7xx_HAL_Driver/Src/stm32h7xx_hal_uart_ex.o

.debug_str      0x00000000   0x149706
 .debug_str     0x00000000   0x1433ef ./Core/Src/dma.o
                             0x1438b7 (size before relaxing)
 .debug_str     0x001433ef      0x8dd ./Core/Src/fdcan.o
                             0x14420d (size before relaxing)
 .debug_str     0x00143ccc       0x2c ./Core/Src/gpio.o
                             0x1430aa (size before relaxing)
 .debug_str     0x00143cf8      0x262 ./Core/Src/main.o
                             0x143163 (size before relaxing)
 .debug_str     0x00143f5a       0x2c ./Core/Src/stm32h7xx_hal_msp.o
                             0x1430aa (size before relaxing)
 .debug_str     0x00143f86      0x66c ./Core/Src/stm32h7xx_it.o
                             0x143a39 (size before relaxing)
 .debug_str     0x001445f2      0x2a4 ./Core/Src/system_stm32h7xx.o
                             0x14334b (size before relaxing)
 .debug_str     0x00144896       0xd7 ./Core/Src/usart.o
                             0x14439c (size before relaxing)
 .debug_str     0x0014496d       0x44 ./Core/Startup/startup_stm32h723vgtx.o
                                 0x7f (size before relaxing)
 .debug_str     0x001449b1      0x9b3 ./Drivers/STM32H7xx_HAL_Driver/Src/stm32h7xx_hal.o
                             0x1443d5 (size before relaxing)
 .debug_str     0x00145364      0x364 ./Drivers/STM32H7xx_HAL_Driver/Src/stm32h7xx_hal_cortex.o
                             0x143cef (size before relaxing)
 .debug_str     0x001456c8      0x8b4 ./Drivers/STM32H7xx_HAL_Driver/Src/stm32h7xx_hal_dma.o
                             0x143b00 (size before relaxing)
 .debug_str     0x00145f7c     0x1bb6 ./Drivers/STM32H7xx_HAL_Driver/Src/stm32h7xx_hal_fdcan.o
                             0x1450cb (size before relaxing)
 .debug_str     0x00147b32      0x128 ./Drivers/STM32H7xx_HAL_Driver/Src/stm32h7xx_hal_gpio.o
                             0x143396 (size before relaxing)
 .debug_str     0x00147c5a      0x5da ./Drivers/STM32H7xx_HAL_Driver/Src/stm32h7xx_hal_pwr_ex.o
                             0x14379e (size before relaxing)
 .debug_str     0x00148234      0x22e ./Drivers/STM32H7xx_HAL_Driver/Src/stm32h7xx_hal_rcc.o
                             0x143719 (size before relaxing)
 .debug_str     0x00148462      0x64b ./Drivers/STM32H7xx_HAL_Driver/Src/stm32h7xx_hal_rcc_ex.o
                             0x143c31 (size before relaxing)
 .debug_str     0x00148aad      0x9ec ./Drivers/STM32H7xx_HAL_Driver/Src/stm32h7xx_hal_uart.o
                             0x1442b9 (size before relaxing)
 .debug_str     0x00149499      0x26d ./Drivers/STM32H7xx_HAL_Driver/Src/stm32h7xx_hal_uart_ex.o
                             0x143879 (size before relaxing)

.comment        0x00000000       0x43
 .comment       0x00000000       0x43 ./Core/Src/dma.o
                                 0x44 (size before relaxing)
 .comment       0x00000043       0x44 ./Core/Src/fdcan.o
 .comment       0x00000043       0x44 ./Core/Src/gpio.o
 .comment       0x00000043       0x44 ./Core/Src/main.o
 .comment       0x00000043       0x44 ./Core/Src/stm32h7xx_hal_msp.o
 .comment       0x00000043       0x44 ./Core/Src/stm32h7xx_it.o
 .comment       0x00000043       0x44 ./Core/Src/system_stm32h7xx.o
 .comment       0x00000043       0x44 ./Core/Src/usart.o
 .comment       0x00000043       0x44 ./Drivers/STM32H7xx_HAL_Driver/Src/stm32h7xx_hal.o
 .comment       0x00000043       0x44 ./Drivers/STM32H7xx_HAL_Driver/Src/stm32h7xx_hal_cortex.o
 .comment       0x00000043       0x44 ./Drivers/STM32H7xx_HAL_Driver/Src/stm32h7xx_hal_dma.o
 .comment       0x00000043       0x44 ./Drivers/STM32H7xx_HAL_Driver/Src/stm32h7xx_hal_fdcan.o
 .comment       0x00000043       0x44 ./Drivers/STM32H7xx_HAL_Driver/Src/stm32h7xx_hal_gpio.o
 .comment       0x00000043       0x44 ./Drivers/STM32H7xx_HAL_Driver/Src/stm32h7xx_hal_pwr_ex.o
 .comment       0x00000043       0x44 ./Drivers/STM32H7xx_HAL_Driver/Src/stm32h7xx_hal_rcc.o
 .comment       0x00000043       0x44 ./Drivers/STM32H7xx_HAL_Driver/Src/stm32h7xx_hal_rcc_ex.o
 .comment       0x00000043       0x44 ./Drivers/STM32H7xx_HAL_Driver/Src/stm32h7xx_hal_uart.o
 .comment       0x00000043       0x44 ./Drivers/STM32H7xx_HAL_Driver/Src/stm32h7xx_hal_uart_ex.o

.debug_frame    0x00000000     0x3d7c
 .debug_frame   0x00000000       0x34 ./Core/Src/dma.o
 .debug_frame   0x00000034       0x78 ./Core/Src/fdcan.o
 .debug_frame   0x000000ac       0x38 ./Core/Src/gpio.o
 .debug_frame   0x000000e4       0x68 ./Core/Src/main.o
 .debug_frame   0x0000014c       0x38 ./Core/Src/stm32h7xx_hal_msp.o
 .debug_frame   0x00000184      0x190 ./Core/Src/stm32h7xx_it.o
 .debug_frame   0x00000314       0x58 ./Core/Src/system_stm32h7xx.o
 .debug_frame   0x0000036c       0x94 ./Core/Src/usart.o
 .debug_frame   0x00000400      0x760 ./Drivers/STM32H7xx_HAL_Driver/Src/stm32h7xx_hal.o
 .debug_frame   0x00000b60      0x508 ./Drivers/STM32H7xx_HAL_Driver/Src/stm32h7xx_hal_cortex.o
 .debug_frame   0x00001068      0x2b4 ./Drivers/STM32H7xx_HAL_Driver/Src/stm32h7xx_hal_dma.o
 .debug_frame   0x0000131c      0xf9c ./Drivers/STM32H7xx_HAL_Driver/Src/stm32h7xx_hal_fdcan.o
 .debug_frame   0x000022b8      0x14c ./Drivers/STM32H7xx_HAL_Driver/Src/stm32h7xx_hal_gpio.o
 .debug_frame   0x00002404      0x540 ./Drivers/STM32H7xx_HAL_Driver/Src/stm32h7xx_hal_pwr_ex.o
 .debug_frame   0x00002944      0x1fc ./Drivers/STM32H7xx_HAL_Driver/Src/stm32h7xx_hal_rcc.o
 .debug_frame   0x00002b40      0x414 ./Drivers/STM32H7xx_HAL_Driver/Src/stm32h7xx_hal_rcc_ex.o
 .debug_frame   0x00002f54      0xa94 ./Drivers/STM32H7xx_HAL_Driver/Src/stm32h7xx_hal_uart.o
 .debug_frame   0x000039e8      0x2c0 ./Drivers/STM32H7xx_HAL_Driver/Src/stm32h7xx_hal_uart_ex.o
 .debug_frame   0x00003ca8       0x20 D:/Applications/STM32CubeIDE_1.15.1/STM32CubeIDE/plugins/com.st.stm32cube.ide.mcu.externaltools.gnu-tools-for-stm32.12.3.rel1.win32_1.0.100.202403111256/tools/bin/../lib/gcc/arm-none-eabi/12.3.1/../../../../arm-none-eabi/lib/thumb/v7e-m+dp/hard\libc_nano.a(libc_a-memset.o)
 .debug_frame   0x00003cc8       0x2c D:/Applications/STM32CubeIDE_1.15.1/STM32CubeIDE/plugins/com.st.stm32cube.ide.mcu.externaltools.gnu-tools-for-stm32.12.3.rel1.win32_1.0.100.202403111256/tools/bin/../lib/gcc/arm-none-eabi/12.3.1/../../../../arm-none-eabi/lib/thumb/v7e-m+dp/hard\libc_nano.a(libc_a-init.o)
 .debug_frame   0x00003cf4       0x28 D:/Applications/STM32CubeIDE_1.15.1/STM32CubeIDE/plugins/com.st.stm32cube.ide.mcu.externaltools.gnu-tools-for-stm32.12.3.rel1.win32_1.0.100.202403111256/tools/bin/../lib/gcc/arm-none-eabi/12.3.1/../../../../arm-none-eabi/lib/thumb/v7e-m+dp/hard\libc_nano.a(libc_a-memcpy-stub.o)
 .debug_frame   0x00003d1c       0x2c D:/Applications/STM32CubeIDE_1.15.1/STM32CubeIDE/plugins/com.st.stm32cube.ide.mcu.externaltools.gnu-tools-for-stm32.12.3.rel1.win32_1.0.100.202403111256/tools/bin/../lib/gcc/arm-none-eabi/12.3.1/thumb/v7e-m+dp/hard\libgcc.a(_aeabi_uldivmod.o)
 .debug_frame   0x00003d48       0x34 D:/Applications/STM32CubeIDE_1.15.1/STM32CubeIDE/plugins/com.st.stm32cube.ide.mcu.externaltools.gnu-tools-for-stm32.12.3.rel1.win32_1.0.100.202403111256/tools/bin/../lib/gcc/arm-none-eabi/12.3.1/thumb/v7e-m+dp/hard\libgcc.a(_udivmoddi4.o)

.debug_line_str
                0x00000000       0x63
 .debug_line_str
                0x00000000       0x63 ./Core/Startup/startup_stm32h723vgtx.o
